<?xml version="1.0" encoding="UTF-8"?>
<macker-report>
    <timestamp>Tue Jul 27 00:58:08 CEST 2010</timestamp>
    <ruleset name="default rules" />
</macker-report>
